<html>
<body>
<pre>
<h1>µVision Build Log</h1>
<h2>Tool Versions:</h2>
IDE-Version: µVision V5.39.0.0
Copyright (C) 2023 ARM Ltd and ARM Germany GmbH. All rights reserved.
License Information: ehs klkj, jsk, LIC=GMZI6-D28E0-2Z6W4-F9NHE-NT057-VZ3RL
 
Tool Versions:
Toolchain:       MDK-ARM Plus  Version: 5.39.0.0
Toolchain Path:  C:\Keil_v5\ARM\ARMCLANG\Bin
C Compiler:      ArmClang.exe V6.21
Assembler:       Armasm.exe V6.21
Linker/Locator:  ArmLink.exe V6.21
Library Manager: ArmAr.exe V6.21
Hex Converter:   FromElf.exe V6.21
CPU DLL:         SARMCM3.DLL V5.39.0.0
Dialog DLL:      DCM.DLL V1.17.5.0
Target DLL:      STLink\ST-LINKIII-KEIL_SWO.dll V3.2.0.0
Dialog DLL:      TCM.DLL V1.56.4.0
 
<h2>Project:</h2>
C:\Users\Beetronix\Desktop\LEARN\Built_In_Library\LEDbuiltin.uvprojx
Project File Date:  07/18/2024

<h2>Output:</h2>
*** Using Compiler 'V6.21', folder: 'C:\Keil_v5\ARM\ARMCLANG\Bin'
Rebuild target 'Target 1'
compiling LED.c...
assembling startup_stm32h745xx.s...
compiling main.c...
compiling system_stm32h7xx_dualcore_boot_cm4_cm7.c...
linking...
Program Size: Code=1104 RO-data=696 RW-data=4 ZI-data=1644  
".\Objects\LEDbuiltin.axf" - 0 Error(s), 0 Warning(s).

<h2>Software Packages used:</h2>

Package Vendor: ARM
                https://www.keil.com/pack/ARM.CMSIS.6.1.0.pack
                ARM::CMSIS@6.1.0
                CMSIS (Common Microcontroller Software Interface Standard)
   * Component: CORE Version: 6.1.0

Package Vendor: Keil
                https://www.keil.com/pack/Keil.STM32H7xx_DFP.3.1.1.pack
                Keil::STM32H7xx_DFP@3.1.1
                STMicroelectronics STM32H7 Series Device Support and Examples
   * Component: Startup Version: 1.11.0

<h2>Collection of Component include folders:</h2>
  ./RTE/_Target_1
  C:/Users/Beetronix/AppData/Local/Arm/Packs/ARM/CMSIS/6.1.0/CMSIS/Core/Include
  C:/Users/Beetronix/AppData/Local/Arm/Packs/Keil/STM32H7xx_DFP/3.1.1/Drivers/CMSIS/Device/ST/STM32H7xx/Include

<h2>Collection of Component Files used:</h2>

   * Component: ARM::CMSIS:CORE@6.1.0

   * Component: Keil::Device:Startup@1.11.0
      Source file:   Drivers/CMSIS/Device/ST/STM32H7xx/Source/Templates/arm/startup_stm32h745xx.s
      Include file:  Drivers/CMSIS/Device/ST/STM32H7xx/Include/stm32h7xx.h
      Source file:   Drivers/CMSIS/Device/ST/STM32H7xx/Source/Templates/system_stm32h7xx_dualcore_boot_cm4_cm7.c
Build Time Elapsed:  00:00:00
</pre>
</body>
</html>
